This file will be copied.
During copy a date will be substituted for ${date}: 2025-10-10
