regex: matches
to_be_kept:
  key: value
list:
- to_be_kept
- to_be_added
to_be_added: value
